---
source: tests/cli.rs
expression: "plain(&[\"--tree-state\", \"collapsed\"])"
---
Checkpoint Explorer - [FIXTURE] (1/1)                                                                 [×]
↑/↓ navigate · ←/→ parent/child · Shift+↑/↓ sibling · Enter/Space expand · E/C all · / search · l legend · c copy screen
f copy file · n copy name · y copy command · ⌫/\ back/fwd · R repack · q quit
────────────────────────────────────────────────────────────────────────────────────────────────────────────────────────
▸ [FIXTURE] (▦ 23, 988 params, 2.0 KiB → 1.2 KiB)

































 ▪ [FIXTURE]
