---
source: tests/cli.rs
expression: out
---
{
  "checkpoint": "[FIXTURE]",
  "summary": {
    "files": 1,
    "tensors": 7,
    "params": 124,
    "errors": 0,
    "warnings": 0
  },
  "values": false,
  "checks": [
    {
      "id": "byte_ranges",
      "title": "Byte-range integrity",
      "status": "pass",
      "findings": []
    },
    {
      "id": "hdf5",
      "title": "HDF5 integrity",
      "status": "na",
      "findings": []
    },
    {
      "id": "layers",
      "title": "Layer completeness",
      "status": "na",
      "findings": []
    },
    {
      "id": "shapes_dtypes",
      "title": "Shape / dtype sanity",
      "status": "pass",
      "findings": []
    },
    {
      "id": "config",
      "title": "Config consistency",
      "status": "na",
      "findings": []
    },
    {
      "id": "files",
      "title": "Files & sharding",
      "status": "na",
      "findings": []
    }
  ],
  "healthy": true,
  "exit_code": 0
}
