---
source: tests/cli.rs
expression: "plain(&[\"--tensor\", \"model.layers.0.mlp.down_proj.weight\"])"
---
Tensor Details                                                                                                       [×]
────────────────────────────────────────────────────────────────────────────────────────────────────────────────────────
Name: model.layers.0.mlp.down_proj.weight
Data Type: U16
Shape: (3, 4, 5)
Parameters: 60 (60)
Size: 120 B
Data offsets: 144 – 264  (within file data)
File: [FIXTURE]

Statistics: press s to scan the full tensor



























m heatmap · v values · h histogram · b bins · s stats · d dtype · r reshape · Tab file layout · Space/: commands
l legend · c copy screen · y copy command · ⌫/\ back/fwd                                                       editable
