---
source: tests/cli.rs
expression: "plain(&[\"--tensor\", \"model.embed_tokens.weight\"])"
---
Tensor Details                                                                                                       [×]
────────────────────────────────────────────────────────────────────────────────────────────────────────────────────────
Name: model.embed_tokens.weight
Data Type: F16
Shape: (6, 4)
Parameters: 24 (24)
Size: 48 B
Data offsets: 96 – 144  (within file data)
File: [FIXTURE]

Statistics: press s to scan the full tensor



























m heatmap · v values · h histogram · b bins · s stats · d dtype · r reshape · Tab file layout · Space/: commands
l legend · yy copy screen · y copy command · ⌫/\ back/fwd                                                      editable
