---
source: tests/cli.rs
expression: "plain(&[\"--tensor\", \"model.embed_tokens.weight\"])"
---
Tensor Details                                                                                                       [×]
──────────────
Name: model.embed_tokens.weight
Data Type: F16
Shape: (6, 4)
Parameters: 24 (24)
Size: 48 B
Data offsets: 96 – 144  (within file data)
File: [FIXTURE]

Statistics: press s to scan the full tensor

Press m for a heatmap, v for numeric values, h for a histogram, b to set its bin count, d to reinterpret the dtype,
r to reshape, Tab for the file layout, c to copy, y to copy the command, l for the legend, Space / : for commands,
⌫ / \ to step back / forward, any other key to return...
























                                                                                                               editable
