---
source: tests/cli.rs
expression: "export(&[\"--print-tensors\", \"--format\", \"json\", \"-v\"])"
---
[
  {
    "dtype": "I32",
    "shape": [
      2,
      4
    ],
    "num_elements": 8,
    "size_bytes": 32,
    "name": "lm_head.weight",
    "file": "[FIXTURE]"
  },
  {
    "dtype": "F16",
    "shape": [
      6,
      4
    ],
    "num_elements": 24,
    "size_bytes": 48,
    "name": "model.embed_tokens.weight",
    "file": "[FIXTURE]"
  },
  {
    "dtype": "F32",
    "shape": [
      4
    ],
    "num_elements": 4,
    "size_bytes": 16,
    "name": "model.layers.0.input_layernorm.weight",
    "file": "[FIXTURE]"
  },
  {
    "dtype": "U16",
    "shape": [
      3,
      4,
      5
    ],
    "num_elements": 60,
    "size_bytes": 120,
    "name": "model.layers.0.mlp.down_proj.weight",
    "file": "[FIXTURE]"
  },
  {
    "dtype": "BF16",
    "shape": [
      4,
      4
    ],
    "num_elements": 16,
    "size_bytes": 32,
    "name": "model.layers.0.self_attn.q_proj.weight",
    "file": "[FIXTURE]"
  },
  {
    "dtype": "F32",
    "shape": [
      4
    ],
    "num_elements": 4,
    "size_bytes": 16,
    "name": "model.norm.weight",
    "file": "[FIXTURE]"
  },
  {
    "dtype": "U8",
    "shape": [
      8
    ],
    "num_elements": 8,
    "size_bytes": 8,
    "name": "model.scale.u8",
    "file": "[FIXTURE]"
  }
]
